// Jest Snapshot v1, https://goo.gl/fbAQLP

exports[`should render OrdersPage component 1`] = `<Connect(Orders) />`;
